alphabet.in|3 col 1| c
alphabet.in|3 col 1| c
alphabet.in|29 col 1| C
